// Jest Snapshot v1, https://goo.gl/fbAQLP

exports[`renders correctly 1`] = `
<div
  className=""
  onKeyDown={[Function]}
  tabIndex={-1}
>
  <div
    className=""
  >
    <div
      className={undefined}
    >
      <div
        className="fa fa-bus undefined"
      />
    </div>
    <input
      className="undefined"
      onBlur={[Function]}
      onChange={[Function]}
      onClick={[Function]}
      onFocus={[Function]}
      placeholder="Make a selection..."
      type="text"
      value="Calypso"
    />
    <button
      className={undefined}
      onClick={[Function]}
      type="button"
    />
    <button
      className={undefined}
      onClick={[Function]}
      type="button"
    >
      <span
        className="fa fa-caret-down"
      />
    </button>
  </div>
  <div
    className={undefined}
  >
    <div
      className=""
    >
      <div
        className={undefined}
      >
        <button
          className={undefined}
          onClick={[Function]}
          type="button"
        >
          Select All
        </button>
        <div
          className={undefined}
        >
          /
        </div>
        <button
          className={undefined}
          onClick={[Function]}
          type="button"
        >
          Clear All
        </button>
      </div>
      <div
        className={undefined}
      >
        <div
          className=""
          onClick={[Function]}
          onKeyDown={[Function]}
          tabIndex={-1}
        >
          Animals
        </div>
        <div
          className=""
          onClick={[Function]}
          onKeyDown={[Function]}
          tabIndex={-1}
        >
          Dolphin
        </div>
        <div
          className=""
          onClick={[Function]}
          onKeyDown={[Function]}
          tabIndex={-1}
        >
          Albatross
        </div>
        <div
          className=""
          onClick={[Function]}
          onKeyDown={[Function]}
          tabIndex={-1}
        >
          German Shepherd
        </div>
        <div
          className=""
          onClick={[Function]}
          onKeyDown={[Function]}
          tabIndex={-1}
        >
          Mole
        </div>
        <div
          className=""
          onClick={[Function]}
          onKeyDown={[Function]}
          tabIndex={-1}
        >
          Lesser Southern Floridian Muskrat
        </div>
        <div
          className=""
          onClick={[Function]}
          onKeyDown={[Function]}
          tabIndex={-1}
        >
          Woodworking
        </div>
        <div
          className=""
          onClick={[Function]}
          onKeyDown={[Function]}
          tabIndex={-1}
        >
          Lutherie
        </div>
        <div
          className=""
          onClick={[Function]}
          onKeyDown={[Function]}
          tabIndex={-1}
        >
          Carpentry
        </div>
        <div
          className=""
          onClick={[Function]}
          onKeyDown={[Function]}
          tabIndex={-1}
        >
          Parquetry
        </div>
        <div
          className=""
          onClick={[Function]}
          onKeyDown={[Function]}
          tabIndex={-1}
        >
          Joinery
        </div>
        <div
          className=""
          onClick={[Function]}
          onKeyDown={[Function]}
          tabIndex={-1}
        >
          Cabinetry
        </div>
        <div
          className=""
          onClick={[Function]}
          onKeyDown={[Function]}
          tabIndex={-1}
        >
          Saturnian Moons Found Around Saturn
        </div>
        <div
          className=""
          onClick={[Function]}
          onKeyDown={[Function]}
          tabIndex={-1}
        >
          Tethys
        </div>
        <div
          className=""
          onClick={[Function]}
          onKeyDown={[Function]}
          tabIndex={-1}
        >
          Calypso
        </div>
        <div
          className=""
          onClick={[Function]}
          onKeyDown={[Function]}
          tabIndex={-1}
        >
          Enceladus
        </div>
        <div
          className=""
          onClick={[Function]}
          onKeyDown={[Function]}
          tabIndex={-1}
        >
          Rhea
        </div>
        <div
          className=""
          onClick={[Function]}
          onKeyDown={[Function]}
          tabIndex={-1}
        >
          Iapetus
        </div>
        <div
          className=""
          onClick={[Function]}
          onKeyDown={[Function]}
          tabIndex={-1}
        >
          An empty group appears!
        </div>
        <div
          className=""
          onClick={[Function]}
          onKeyDown={[Function]}
          tabIndex={-1}
        >
          Magnetic poles are points to and from which the lines of magnetic force are directed.
        </div>
        <div
          className=""
          onClick={[Function]}
          onKeyDown={[Function]}
          tabIndex={-1}
        >
          Guacamole
        </div>
        <div
          className=""
          onClick={[Function]}
          onKeyDown={[Function]}
          tabIndex={-1}
        >
          Crankshaft
        </div>
        <div
          className=""
          onClick={[Function]}
          onKeyDown={[Function]}
          tabIndex={-1}
        >
          Demographic
        </div>
        <div
          className=""
          onClick={[Function]}
          onKeyDown={[Function]}
          tabIndex={-1}
        >
          Almond
        </div>
      </div>
      <div
        className={undefined}
        onClick={[Function]}
      >
        <div
          className={undefined}
        >
          Bottom Slot
        </div>
      </div>
    </div>
  </div>
</div>
`;
